0 verbose cli C:\Program Files\nodejs\node.exe C:\Program Files\nodejs\node_modules\npm\bin\npm-cli.js
1 info using npm@10.8.2
2 info using node@v20.19.6
3 silly config load:file:C:\Program Files\nodejs\node_modules\npm\npmrc
4 silly config load:file:C:\Users\Admin\Documents\SearchX Digital\crystal prime\crystal-prime-ui\.npmrc
5 silly config load:file:C:\Users\Admin\.npmrc
6 silly config load:file:C:\Users\Admin\AppData\Roaming\npm\etc\npmrc
7 verbose title npm run build
8 verbose argv "run" "build"
9 verbose logfile logs-max:10 dir:C:\Users\Admin\Documents\SearchX Digital\crystal prime\crystal-prime-ui\npm-cache\_logs\2026-07-24T14_27_37_474Z-
10 verbose logfile C:\Users\Admin\Documents\SearchX Digital\crystal prime\crystal-prime-ui\npm-cache\_logs\2026-07-24T14_27_37_474Z-debug-0.log
11 silly logfile done cleaning log files
12 http fetch GET 200 https://registry.npmjs.org/npm 311ms
13 verbose cwd C:\Users\Admin\Documents\SearchX Digital\crystal prime\crystal-prime-ui
14 verbose os Windows_NT 10.0.19045
15 verbose node v20.19.6
16 verbose npm  v10.8.2
17 notice
17 notice New [31mmajor[39m version of npm available! [31m10.8.2[39m -> [34m12.0.1[39m
17 notice Changelog: [34mhttps://github.com/npm/cli/releases/tag/v12.0.1[39m
17 notice To update run: [4mnpm install -g npm@12.0.1[24m
17 notice  { force: true, [Symbol(proc-log.meta)]: true }
18 verbose exit 1
19 verbose code 1
